###############################################################################
#
# IAR ELF Linker V9.32.2.340/W64 for ARM                  30/May/2023  11:35:21
# Copyright 2007-2023 IAR Systems AB.
#
#    Output file  =
#        C:\Users\timgo\Downloads\GPIO_CPP_290523\GPIO_CPP\Debug\Exe\GPIO_CPP.out
#    Map file     =
#        C:\Users\timgo\Downloads\GPIO_CPP_290523\GPIO_CPP\Debug\List\GPIO_CPP.map
#    Command line =
#        -f
#        C:\Users\timgo\Downloads\GPIO_CPP_290523\GPIO_CPP\Debug\Exe\GPIO_CPP.out.rsp
#        (C:\Users\timgo\Downloads\GPIO_CPP_290523\GPIO_CPP\Debug\Obj\main.o
#        C:\Users\timgo\Downloads\GPIO_CPP_290523\GPIO_CPP\Debug\Obj\Motor.o
#        C:\Users\timgo\Downloads\GPIO_CPP_290523\GPIO_CPP\Debug\Obj\UserLED.o
#        --no_out_extension -o
#        C:\Users\timgo\Downloads\GPIO_CPP_290523\GPIO_CPP\Debug\Exe\GPIO_CPP.out
#        --redirect _Printf=_PrintfFullNoMb --redirect _Scanf=_ScanfFullNoMb
#        --map
#        C:\Users\timgo\Downloads\GPIO_CPP_290523\GPIO_CPP\Debug\List\GPIO_CPP.map
#        --config "C:\Program Files\IAR Systems\Embedded Workbench
#        9.1\arm/config/linker/ST/stm32f401xE.icf" --semihosting --entry
#        __iar_program_start --vfe --text_out locale --cpu=Cortex-M4
#        --fpu=VFPv4_sp)
#
###############################################################################

*******************************************************************************
*** RUNTIME MODEL ATTRIBUTES
***

CppFlavor                     = *
__CPP_Exceptions              = Disabled
__CPP_Language                = C++14
__CPP_Library                 = libc++
__CPP_Runtime                 = 1
__Heap_Handler                = Basic
__SystemLibrary               = DLib
__dlib_dynamic_initialization = normal
__dlib_version                = 6


*******************************************************************************
*** HEAP SELECTION
***

The basic heap was selected because --advanced_heap
was not specified and the application did not appear to
be primarily optimized for speed.


*******************************************************************************
*** PLACEMENT SUMMARY
***

"A0":  place at address 0x800'0000 { ro section .intvec };
"P1":  place in [from 0x800'0000 to 0x807'ffff] { ro };
define block CSTACK with size = 8K, alignment = 8 { };
define block HEAP with size = 8K, alignment = 8 { };
"P2":  place in [from 0x2000'0000 to 0x2001'7fff] {
          rw, block CSTACK, block HEAP };
initialize by copy { rw };

  Section                Kind         Address    Size  Object
  -------                ----         -------    ----  ------
"A0":                                            0x40
  .intvec                ro code   0x800'0000    0x40  vector_table_M.o [6]
                                 - 0x800'0040    0x40

"P1":                                          0x39cd
  .text                  ro code   0x800'0040   0x7a0  locale.o [3]
  .text                  ro code   0x800'07e0     0x4  delop4_0.o [4]
  .text                  ro code   0x800'07e4     0x2  memory.o [3]
  .text                  ro code   0x800'07e6    0x32  locale.o [3]
  .text                  ro code   0x800'0818    0x26  locale.o [3]
  .text                  ro code   0x800'083e    0x58  locale.o [3]
  .text                  ro code   0x800'0896    0x22  locale.o [3]
  .text                  ro code   0x800'08b8    0x18  locale.o [3]
  .text                  ro code   0x800'08d0    0x18  locale.o [3]
  .text                  ro code   0x800'08e8    0x18  locale.o [3]
  .text                  ro code   0x800'0900    0x18  locale.o [3]
  .text                  ro code   0x800'0918    0x18  locale.o [3]
  .text                  ro code   0x800'0930    0x18  locale.o [3]
  .text                  ro code   0x800'0948    0x18  locale.o [3]
  .text                  ro code   0x800'0960    0x18  locale.o [3]
  .text                  ro code   0x800'0978    0x18  locale.o [3]
  .text                  ro code   0x800'0990    0x18  locale.o [3]
  .text                  ro code   0x800'09a8    0x18  locale.o [3]
  .text                  ro code   0x800'09c0    0x18  locale.o [3]
  .text                  ro code   0x800'09d8    0x18  locale.o [3]
  .text                  ro code   0x800'09f0    0x18  locale.o [3]
  .text                  ro code   0x800'0a08    0x18  locale.o [3]
  .text                  ro code   0x800'0a20    0x18  locale.o [3]
  .text                  ro code   0x800'0a38    0x18  locale.o [3]
  .text                  ro code   0x800'0a50    0x18  locale.o [3]
  .text                  ro code   0x800'0a68    0x28  locale.o [3]
  .text                  ro code   0x800'0a90    0x28  locale.o [3]
  .text                  ro code   0x800'0ab8    0x24  locale.o [3]
  .text                  ro code   0x800'0adc    0x24  locale.o [3]
  .text                  ro code   0x800'0b00    0x18  locale.o [3]
  .text                  ro code   0x800'0b18    0x18  locale.o [3]
  .text                  ro code   0x800'0b30    0x32  Motor.o [1]
  .text                  ro code   0x800'0b62     0x4  locale.o [3]
  .text                  ro code   0x800'0b66    0x2a  locale.o [3]
  .text                  ro code   0x800'0b90     0xc  locale.o [3]
  .text                  ro code   0x800'0b9c    0xac  locale.o [3]
  .text                  ro code   0x800'0c48    0x1c  locale.o [3]
  .text                  ro code   0x800'0c64    0x1a  locale.o [3]
  .text                  ro code   0x800'0c7e     0x6  abort.o [2]
  .text                  ro code   0x800'0c84    0x18  mutex.o [3]
  .text                  ro code   0x800'0c9c     0x4  delaop_0.o [4]
  .text                  ro code   0x800'0ca0    0x10  locale.o [3]
  .text                  ro code   0x800'0cb0     0x4  iar_locale.o [3]
  .text                  ro code   0x800'0cb4    0xa4  iar_newlocale.o [3]
  .text                  ro code   0x800'0d58     0xa  locale.o [3]
  .text                  ro code   0x800'0d62     0xa  delop_0.o [4]
  .text                  ro code   0x800'0d6c    0x2a  locale.o [3]
  .text                  ro code   0x800'0d96    0x20  locale.o [3]
  .text                  ro code   0x800'0db6    0x7e  lz77_init_single.o [6]
  .text                  ro code   0x800'0e34    0x36  strlen.o [6]
  .text                  ro code   0x800'0e6a     0x4  string.o [3]
  .text                  ro code   0x800'0e6e     0x6  ios.instantiations.o [3]
  .text                  ro code   0x800'0e74    0x24  newop_0.o [4]
  .text                  ro code   0x800'0e98    0x76  ABImemcpy_unaligned.o [6]
  .text                  ro code   0x800'0f0e     0xe  Motor.o [1]
  .text                  ro code   0x800'0f1c     0x8  Motor.o [1]
  .text                  ro code   0x800'0f24     0xa  Motor.o [1]
  .text                  ro code   0x800'0f2e     0xe  Motor.o [1]
  .text                  ro code   0x800'0f3c     0x8  Motor.o [1]
  .text                  ro code   0x800'0f44     0xc  locale.o [3]
  .text                  ro code   0x800'0f50    0x16  locale.o [3]
  .text                  ro code   0x800'0f66    0x3e  locale.o [3]
  .text                  ro code   0x800'0fa4    0x2c  locale.o [3]
  .text                  ro code   0x800'0fd0     0xa  locale.o [3]
  .text                  ro code   0x800'0fda    0x28  locale.o [3]
  .text                  ro code   0x800'1002    0x10  locale.o [3]
  .rodata                const     0x800'1012     0x2  xlocale_c.o [2]
  .text                  ro code   0x800'1014    0x14  exit.o [7]
  .text                  ro code   0x800'1028    0x10  xlocale_c.o [2]
  .text                  ro code   0x800'1038   0x1a0  iar_newlocale.o [3]
  .text                  ro code   0x800'11d8     0xc  iar_newlocale.o [3]
  .text                  ro code   0x800'11e4     0x4  heaptramp0.o [2]
  .text                  ro code   0x800'11e8     0x6  locale.o [3]
  .text                  ro code   0x800'11ee     0x4  vector.o [3]
  .text                  ro code   0x800'11f2    0x2a  locale.o [3]
  .text                  ro code   0x800'121c     0x4  nomemory.o [4]
  .text                  ro code   0x800'1220   0x250  heap0.o [2]
  .text                  ro code   0x800'1470     0x8  Motor.o [1]
  .text                  ro code   0x800'1478     0x8  Motor.o [1]
  .text                  ro code   0x800'1480     0x8  Motor.o [1]
  .text                  ro code   0x800'1488     0xe  Motor.o [1]
  .text                  ro code   0x800'1496     0xc  locale.o [3]
  .text                  ro code   0x800'14a2     0x2  vectortrap_M.o [6]
  .text                  ro code   0x800'14a4    0x7c  iarttio.o [7]
  .text                  ro code   0x800'1520    0x20  iar_newlocale.o [3]
  .text                  ro code   0x800'1540    0x20  iar_newlocale.o [3]
  .text                  ro code   0x800'1560    0x2c  xgetmemchunk.o [2]
  .text                  ro code   0x800'158c     0x2  Motor.o [1]
  .text                  ro code   0x800'158e     0x2  Motor.o [1]
  .text                  ro code   0x800'1590     0x2  Motor.o [1]
  .text                  ro code   0x800'1592    0x20  Motor.o [1]
  .rodata                const     0x800'15b2     0x1  unwind_debug.o [7]
  .text                  ro code   0x800'15b4     0x8  XShttio.o [2]
  .text                  ro code   0x800'15bc     0x8  Motor.o [1]
  .text                  ro code   0x800'15c4     0x8  Motor.o [1]
  .text                  ro code   0x800'15cc     0x8  Motor.o [1]
  .text                  ro code   0x800'15d4     0x8  Motor.o [1]
  .text                  ro code   0x800'15dc     0x4  delop6_0.o [4]
  .rodata                const     0x800'15e0   0x400  locale.o [3]
  .text                  ro code   0x800'19e0    0xd8  xfspos.o [2]
  .text                  ro code   0x800'1ab8    0xac  fflush.o [2]
  .text                  ro code   0x800'1b64     0xc  xfgpos.o [2]
  .text                  ro code   0x800'1b70    0x4e  lseek.o [7]
  .text                  ro code   0x800'1bc0    0x14  errno.o [2]
  .text                  ro code   0x800'1bd4    0x10  write.o [7]
  .text                  ro code   0x800'1be4    0xcc  XShHandles.o [2]
  .text                  ro code   0x800'1cb0     0x4  tp_nothreads.o [2]
  .text                  ro code   0x800'1cb4    0x1e  dwrite.o [7]
  .text                  ro code   0x800'1cd2    0x20  iarwstd.o [7]
  .text                  ro code   0x800'1cf2    0x22  iarwrite.o [7]
  .text                  ro code   0x800'1d14    0xb8  fwrite.o [2]
  .text                  ro code   0x800'1dcc    0xb4  xfwprep.o [2]
  .text                  ro code   0x800'1e80    0x58  memchr.o [6]
  .text                  ro code   0x800'1ed8    0x24  fseek.o [2]
  .text                  ro code   0x800'1efc    0xb4  ios.o [3]
  .text                  ro code   0x800'1fb0    0xb2  Motor.o [1]
  .text                  ro code   0x800'2062    0x42  ios.instantiations.o [3]
  .text                  ro code   0x800'20a4     0x4  Motor.o [1]
  .text                  ro code   0x800'20a8    0x1e  Motor.o [1]
  .text                  ro code   0x800'20c6     0x4  Motor.o [1]
  .text                  ro code   0x800'20ca    0x22  Motor.o [1]
  .text                  ro code   0x800'20ec    0xa6  Motor.o [1]
  .text                  ro code   0x800'2192    0x10  Motor.o [1]
  .text                  ro code   0x800'21a2     0x8  Motor.o [1]
  .text                  ro code   0x800'21aa    0x94  ios.instantiations.o [3]
  .text                  ro code   0x800'223e    0x54  ios.instantiations.o [3]
  .text                  ro code   0x800'2292     0x8  Motor.o [1]
  .text                  ro code   0x800'229a     0xe  Motor.o [1]
  .text                  ro code   0x800'22a8    0x28  Motor.o [1]
  .text                  ro code   0x800'22d0     0x4  Motor.o [1]
  .text                  ro code   0x800'22d4     0xa  Motor.o [1]
  .text                  ro code   0x800'22de    0x24  Motor.o [1]
  .text                  ro code   0x800'2302     0xc  Motor.o [1]
  .text                  ro code   0x800'230e     0x8  Motor.o [1]
  .text                  ro code   0x800'2316     0xc  Motor.o [1]
  .text                  ro code   0x800'2322     0x4  arm_exceptions_uncaught_c.o [6]
  .text                  ro code   0x800'2326     0x4  Motor.o [1]
  .text                  ro code   0x800'232c    0x10  Motor.o [1]
  .text                  ro code   0x800'233c     0xc  Motor.o [1]
  .text                  ro code   0x800'2348    0x26  Motor.o [1]
  .text                  ro code   0x800'236e    0x88  Motor.o [1]
  .text                  ro code   0x800'23f6    0x1e  Motor.o [1]
  .text                  ro code   0x800'2414     0x2  Motor.o [1]
  .text                  ro code   0x800'2416     0x2  Motor.o [1]
  .text                  ro code   0x800'2418     0x8  Motor.o [1]
  .text                  ro code   0x800'2420     0x8  Motor.o [1]
  .text                  ro code   0x800'2428     0xe  Motor.o [1]
  .text                  ro code   0x800'2436     0x8  Motor.o [1]
  .text                  ro code   0x800'243e     0xc  Motor.o [1]
  .text                  ro code   0x800'244a     0xc  Motor.o [1]
  .text                  ro code   0x800'2456    0x1a  Motor.o [1]
  .text                  ro code   0x800'2470     0x8  Motor.o [1]
  .text                  ro code   0x800'2478     0xc  Motor.o [1]
  .text                  ro code   0x800'2484    0x10  Motor.o [1]
  .text                  ro code   0x800'2494     0xc  Motor.o [1]
  .text                  ro code   0x800'24a0    0x20  Motor.o [1]
  .text                  ro code   0x800'24c0     0x6  Motor.o [1]
  .text                  ro code   0x800'24c6     0x2  Motor.o [1]
  .text                  ro code   0x800'24c8     0xe  Motor.o [1]
  .text                  ro code   0x800'24d6     0x8  Motor.o [1]
  .text                  ro code   0x800'24de     0x8  Motor.o [1]
  .text                  ro code   0x800'24e6     0x8  Motor.o [1]
  .text                  ro code   0x800'24ee     0x8  Motor.o [1]
  .text                  ro code   0x800'24f6    0x34  Motor.o [1]
  .text                  ro code   0x800'252a     0x4  Motor.o [1]
  .text                  ro code   0x800'2530    0x66  ABImemset.o [6]
  .text                  ro code   0x800'2596     0x8  Motor.o [1]
  .text                  ro code   0x800'259e     0x8  Motor.o [1]
  .text                  ro code   0x800'25a6     0x6  Motor.o [1]
  .text                  ro code   0x800'25ac     0x2  Motor.o [1]
  .text                  ro code   0x800'25ae     0x8  Motor.o [1]
  .text                  ro code   0x800'25b6     0x8  Motor.o [1]
  .text                  ro code   0x800'25be     0xe  Motor.o [1]
  .text                  ro code   0x800'25cc     0x2  Motor.o [1]
  .text                  ro code   0x800'25d0    0x28  newop3_0.o [4]
  .text                  ro code   0x800'25f8     0x8  Motor.o [1]
  .text                  ro code   0x800'2600     0x2  Motor.o [1]
  .text                  ro code   0x800'2602    0xae  iostream_cout.o [3]
  .text                  ro code   0x800'26b0    0xa0  cppinit.o [2]
  .text                  ro code   0x800'2750    0x98  iostream_cout.o [3]
  .text                  ro code   0x800'27e8    0x44  iostream_cout.o [3]
  .text                  ro code   0x800'282c     0xa  cxxabi.o [4]
  .text                  ro code   0x800'2836     0x4  ios.instantiations.o [3]
  .text                  ro code   0x800'283c    0x24  ios.instantiations.o [3]
  .text                  ro code   0x800'2860    0x94  UserLED.o [1]
  .text                  ro code   0x800'28f4    0x8e  main.o [1]
  .text                  ro code   0x800'2984    0x8c  xfofind.o [2]
  .text                  ro code   0x800'2a10    0x7e  fclose.o [2]
  .text                  ro code   0x800'2a8e    0x18  close.o [7]
  .text                  ro code   0x800'2aa6    0x14  remove.o [7]
  .text                  ro code   0x800'2abc    0x7c  main.o [1]
  .text                  ro code   0x800'2b38    0x50  UserLED.o [1]
  .text                  ro code   0x800'2b88    0x68  Motor.o [1]
  .text                  ro code   0x800'2bf0    0x4c  main.o [1]
  .text                  ro code   0x800'2c3c    0x12  main.o [1]
  .text                  ro code   0x800'2c4e    0x12  main.o [1]
  .text                  ro code   0x800'2c60     0x8  UserLED.o [1]
  .text                  ro code   0x800'2c68    0x18  Motor.o [1]
  .text                  ro code   0x800'2c80     0x6  Motor.o [1]
  .text                  ro code   0x800'2c86     0x8  Motor.o [1]
  .text                  ro code   0x800'2c8e    0x68  ios.instantiations.o [3]
  .text                  ro code   0x800'2cf6    0x20  ios.instantiations.o [3]
  .text                  ro code   0x800'2d16    0x60  ios.instantiations.o [3]
  .rodata                const     0x800'2d78    0x54  locale.o [3]
  .rodata                const     0x800'2dcc    0x54  locale.o [3]
  .text                  ro code   0x800'2e20    0x54  fputc.o [2]
  .rodata                const     0x800'2e74    0x48  xlocale_c.o [2]
  .text                  ro code   0x800'2ebc    0x48  iostream_cout.o [3]
  .rodata                const     0x800'2f04    0x44  locale.o [3]
  .text                  ro code   0x800'2f48    0x44  iar_newlocale.o [3]
  .rodata                const     0x800'2f8c    0x40  locale.o [3]
  .rodata                const     0x800'2fcc    0x40  locale.o [3]
  .rodata                const     0x800'300c    0x40  ios.instantiations.o [3]
  .rodata                const     0x800'304c    0x40  iostream_cout.o [3]
  .text                  ro code   0x800'308c    0x40  iostream_cout.o [3]
  .text                  ro code   0x800'30cc    0x40  xcloseall.o [2]
  .rodata                const     0x800'310c    0x38  locale.o [3]
  .rodata                const     0x800'3144    0x38  locale.o [3]
  .rodata                const     0x800'317c    0x38  locale.o [3]
  .rodata                const     0x800'31b4    0x38  locale.o [3]
  .text                  ro code   0x800'31ec    0x38  zero_init3.o [6]
  .rodata                const     0x800'3224    0x34  Motor.o [1]
  .rodata                const     0x800'3258    0x34  locale.o [3]
  .rodata                const     0x800'328c    0x34  locale.o [3]
  .rodata                const     0x800'32c0    0x34  locale.o [3]
  .rodata                const     0x800'32f4    0x30  locale.o [3]
  .rodata                const     0x800'3324    0x30  locale.o [3]
  .rodata                const     0x800'3354    0x30  locale.o [3]
  .rodata                const     0x800'3384    0x30  locale.o [3]
  .text                  ro code   0x800'33b4    0x2e  Motor.o [1]
  .rodata                const     0x800'33e4    0x2c  Motor.o [1]
  .rodata                const     0x800'3410    0x28  locale.o [3]
  .rodata                const     0x800'3438    0x28  locale.o [3]
  .rodata                const     0x800'3460    0x28  ios.instantiations.o [3]
  .text                  ro code   0x800'3488    0x28  data_init.o [6]
  .text                  ro code   0x800'34b0    0x26  iar_newlocale.o [3]
  .rodata                const     0x800'34d8    0x24  locale.o [3]
  .rodata                const     0x800'34fc    0x24  locale.o [3]
  .text                  ro code   0x800'3520    0x22  fpinit_M.o [5]
  .iar.init_table        const     0x800'3544    0x24  - Linker created -
  .rodata                const     0x800'3568    0x20  locale.o [3]
  .rodata                const     0x800'3588    0x20  locale.o [3]
  .rodata                const     0x800'35a8    0x20  locale.o [3]
  .rodata                const     0x800'35c8    0x20  locale.o [3]
  .text                  ro code   0x800'35e8    0x20  cmain_call_ctors.o [6]
  .text                  ro code   0x800'3608    0x1e  locale.o [3]
  .text                  ro code   0x800'3626    0x1e  locale.o [3]
  .text                  ro code   0x800'3644    0x1e  cmain.o [6]
  .text                  ro code   0x800'3662     0x4  low_level_init.o [2]
  .text                  ro code   0x800'3666     0x4  exit.o [2]
  .text                  ro code   0x800'366c    0x12  cexit.o [6]
  .rodata                const     0x800'3680    0x1c  locale.o [3]
  .rodata                const     0x800'369c    0x1c  locale.o [3]
  .rodata                const     0x800'36b8    0x1c  locale.o [3]
  .rodata                const     0x800'36d4    0x1c  locale.o [3]
  .text                  ro code   0x800'36f0    0x1c  cstartup_M.o [6]
  .text                  ro code   0x800'370c    0x1c  locale.o [3]
  .rodata                const     0x800'3728    0x18  locale.o [3]
  .rodata                const     0x800'3740    0x18  locale.o [3]
  .text                  ro code   0x800'3758    0x18  ios.instantiations.o [3]
  .rodata                const     0x800'3770    0x14  Motor.o [1]
  .rodata                const     0x800'3784    0x14  Motor.o [1]
  .rodata                const     0x800'3798    0x14  locale.o [3]
  .rodata                const     0x800'37ac    0x14  locale.o [3]
  .text                  ro code   0x800'37c0    0x14  locale.o [3]
  .text                  ro code   0x800'37d4    0x14  locale.o [3]
  .text                  ro code   0x800'37e8    0x14  locale.o [3]
  .text                  ro code   0x800'37fc    0x14  locale.o [3]
  .text                  ro code   0x800'3810    0x14  locale.o [3]
  .text                  ro code   0x800'3824    0x14  locale.o [3]
  .text                  ro code   0x800'3838    0x14  locale.o [3]
  .text                  ro code   0x800'384c    0x14  locale.o [3]
  .text                  ro code   0x800'3860    0x14  locale.o [3]
  .text                  ro code   0x800'3874    0x14  locale.o [3]
  .text                  ro code   0x800'3888    0x14  locale.o [3]
  .text                  ro code   0x800'389c    0x14  locale.o [3]
  .text                  ro code   0x800'38b0    0x14  locale.o [3]
  .text                  ro code   0x800'38c4    0x14  locale.o [3]
  .text                  ro code   0x800'38d8    0x14  locale.o [3]
  .text                  ro code   0x800'38ec    0x14  locale.o [3]
  .text                  ro code   0x800'3900    0x14  locale.o [3]
  .text                  ro code   0x800'3914    0x14  locale.o [3]
  .text                  ro code   0x800'3928    0x14  locale.o [3]
  .text                  ro code   0x800'393c    0x14  locale.o [3]
  .rodata                const     0x800'3950    0x10  ios.o [3]
  .rodata                const     0x800'3960    0x10  ios.instantiations.o [3]
  .text                  ro code   0x800'3970     0xe  ios.instantiations.o [3]
  .text                  ro code   0x800'397e     0xe  iar_newlocale.o [3]
  .text                  ro code   0x800'398c     0xc  iostream_cout.o [3]
  .rodata                const     0x800'3998     0x8  ios.instantiations.o [3]
  SHT$$PREINIT_ARRAY               0x800'39a0     0x4  <Block>
    .preinit_array       const     0x800'39a0     0x4  iostream_cout.o [3]
  SHT$$INIT_ARRAY                  0x800'39a4     0x4  <Block>
    .init_array          const     0x800'39a4     0x4  iar_newlocale.o [3]
  __iar_tls$$INIT_ARRAY            0x800'39a8     0x0  <Block>
  .text                  ro code   0x800'39a8     0x4  ios.instantiations.o [3]
  .text                  ro code   0x800'39ac     0x0  cstart_call_dtors.o [6]
  .text                  ro code   0x800'39ac     0x0  cstart_closeall.o [6]
  .rodata                const     0x800'39ac     0x0  zero_init3.o [6]
  .rodata                const     0x800'39ac     0x0  lz77_init_single.o [6]
  Initializer bytes      const     0x800'39ac    0x61  <for P2-1>
                                 - 0x800'3a0d  0x39cd

"P2", part 1 of 3:                              0x130
  P2-1                            0x2000'0000   0x130  <Init block>
    .data                inited   0x2000'0000    0x48  xfiles.o [2]
    .data                inited   0x2000'0048    0x48  xfiles.o [2]
    .data                inited   0x2000'0090    0x48  xfiles.o [2]
    .data                inited   0x2000'00d8    0x20  xfiles.o [2]
    .data                inited   0x2000'00f8    0x18  xlocale_c.o [2]
    .data                inited   0x2000'0110    0x18  xlocale_c.o [2]
    .data                inited   0x2000'0128     0x8  XShttio.o [2]
                                - 0x2000'0130   0x130

"P2", part 2 of 3:                              0x4c8
  .bss                   zero     0x2000'0130   0x178  locale.o [3]
  .bss                   zero     0x2000'02a8    0xb0  locale.o [3]
  .bss                   zero     0x2000'0358    0x90  iostream_cout.o [3]
  .bss                   zero     0x2000'03e8    0x80  XShHandles.o [2]
  .bss                   zero     0x2000'0468    0x50  xfiles.o [2]
  .bss                   zero     0x2000'04b8    0x50  xfiles.o [2]
  .bss                   zero     0x2000'0508    0x1c  iar_newlocale.o [3]
  .bss                   zero     0x2000'0524     0xc  locale.o [3]
  .bss                   zero     0x2000'0530     0x8  locale.o [3]
  .bss                   zero     0x2000'0538     0x8  locale.o [3]
  .bss                   zero     0x2000'0540     0x8  locale.o [3]
  .bss                   zero     0x2000'0548     0x8  locale.o [3]
  .bss                   zero     0x2000'0550     0x8  locale.o [3]
  .bss                   zero     0x2000'0558     0x8  locale.o [3]
  .bss                   zero     0x2000'0560     0x8  locale.o [3]
  .bss                   zero     0x2000'0568     0x8  locale.o [3]
  .bss                   zero     0x2000'0570     0x8  locale.o [3]
  .bss                   zero     0x2000'0578     0x8  locale.o [3]
  .bss                   zero     0x2000'0580     0x8  locale.o [3]
  .bss                   zero     0x2000'0588     0x8  locale.o [3]
  .bss                   zero     0x2000'0590     0x8  locale.o [3]
  .bss                   zero     0x2000'0598     0x8  locale.o [3]
  .bss                   zero     0x2000'05a0     0x8  locale.o [3]
  .bss                   zero     0x2000'05a8     0x8  locale.o [3]
  .bss                   zero     0x2000'05b0     0x8  locale.o [3]
  .bss                   zero     0x2000'05b8     0x8  locale.o [3]
  .bss                   zero     0x2000'05c0     0x8  locale.o [3]
  .bss                   zero     0x2000'05c8     0x8  locale.o [3]
  .bss                   zero     0x2000'05d0     0x8  locale.o [3]
  .bss                   zero     0x2000'05d8     0x8  heap0.o [2]
  .bss                   zero     0x2000'05e0     0x4  locale.o [3]
  .bss                   zero     0x2000'05e4     0x4  cppinit.o [2]
  .bss                   zero     0x2000'05e8     0x4  cppinit.o [2]
  .bss                   zero     0x2000'05ec     0x4  new.o [4]
  .bss                   zero     0x2000'05f0     0x4  xgetmemchunk.o [2]
  .tbss                  zero     0x2000'05f4     0x4  errno.o [2]
                                - 0x2000'05f8   0x4c8

"P2", part 3 of 3:                             0x41c0
  .iar.dynexit                    0x2000'05f8   0x1bc  <Block>
    .iar.dynexit         uninit   0x2000'05f8     0xc  cppinit.o [2]
    .iar.dynexit         uninit   0x2000'0604   0x1b0  <Block tail>
  CSTACK                          0x2000'07b8  0x2000  <Block>
    CSTACK               uninit   0x2000'07b8  0x2000  <Block tail>
  HEAP                            0x2000'27b8  0x2000  <Block>
    HEAP                 uninit   0x2000'27b8  0x2000  <Block tail>
                                - 0x2000'47b8  0x41c0

Unused ranges:

         From           To      Size
         ----           --      ----
   0x800'3a0d   0x807'ffff  0x7'c5f3
  0x2000'47b8  0x2001'7fff  0x1'3848


*******************************************************************************
*** INIT TABLE
***

          Address      Size
          -------      ----
Zero (__iar_zero_init3)
    1 destination range, total size 0x4c8:
          0x2000'0130  0x4c8

Copy/lz77 (__iar_lz77_init_single3)
    1 source range, total size 0x61 (31% of destination):
           0x800'39ac   0x61
    1 destination range, total size 0x130:
          0x2000'0000  0x130

Extra (__iar_cstart_call_ctors)



*******************************************************************************
*** MODULE SUMMARY
***

    Module                       ro code  ro data  rw data
    ------                       -------  -------  -------
command line/config:
    ------------------------------------------------------
    Total:

C:\Users\timgo\Downloads\GPIO_CPP_290523\GPIO_CPP\Debug\Obj: [1]
    Motor.o                        1'568      136
    UserLED.o                        236
    main.o                           378
    ------------------------------------------------------
    Total:                         2'182      136

dl7M_tlf.a: [2]
    XShHandles.o                     204               128
    XShttio.o                          8        3        8
    abort.o                            6
    cppinit.o                        160                20
    errno.o                           20                 4
    exit.o                             4
    fclose.o                         126
    fflush.o                         172
    fputc.o                           84
    fseek.o                           36
    fwrite.o                         184
    heap0.o                          592                 8
    heaptramp0.o                       4
    low_level_init.o                   4
    tp_nothreads.o                     4
    xcloseall.o                       64
    xfgpos.o                          12
    xfiles.o                                   79      408
    xfofind.o                        140
    xfspos.o                         216
    xfwprep.o                        180
    xgetmemchunk.o                    44                 4
    xlocale_c.o                       16       89       48
    ------------------------------------------------------
    Total:                         2'280      171      628

dllibcpp7M_tls_fc.a: [3]
    iar_locale.o                       4
    iar_newlocale.o                  776        4       28
    ios.instantiations.o             618      128
    ios.o                            180       16
    iostream_cout.o                  542       68      144
    locale.o                       3'932    2'440      736
    memory.o                           2
    mutex.o                           24
    string.o                           4
    vector.o                           4
    ------------------------------------------------------
    Total:                         6'086    2'656      908

dlpprt7M_tl_fc.a: [4]
    cxxabi.o                          10
    delaop_0.o                         4
    delop4_0.o                         4
    delop6_0.o                         4
    delop_0.o                         10
    new.o                                                4
    newop3_0.o                        40
    newop_0.o                         36
    nomemory.o                         4
    ------------------------------------------------------
    Total:                           112                 4

m7M_tls.a: [5]
    fpinit_M.o                        34
    ------------------------------------------------------
    Total:                            34

rt7M_tl.a: [6]
    ABImemcpy_unaligned.o            118
    ABImemset.o                      102
    arm_exceptions_uncaught_c.o        4
    cexit.o                           18
    cmain.o                           30
    cmain_call_ctors.o                32
    cstart_call_dtors.o
    cstart_closeall.o
    cstartup_M.o                      28
    data_init.o                       40
    lz77_init_single.o               126
    memchr.o                          88
    strlen.o                          54
    vector_table_M.o                  64
    vectortrap_M.o                     2
    zero_init3.o                      56
    ------------------------------------------------------
    Total:                           762

shb_l.a: [7]
    close.o                           24
    dwrite.o                          30
    exit.o                            20
    iarttio.o                        124
    iarwrite.o                        34
    iarwstd.o                         32
    lseek.o                           78
    remove.o                          20
    unwind_debug.o                              1
    write.o                           16
    ------------------------------------------------------
    Total:                           378        1

    Gaps                              17       10
    Linker created                             36   16'816
----------------------------------------------------------
    Grand Total:                  11'851    3'010   18'356


*******************************************************************************
*** ENTRY LIST
***

Entry                       Address   Size  Type      Object
-----                       -------   ----  ----      ------
.iar.dynexit$$Base      0x2000'05f8          --   Gb  - Linker created -
.iar.dynexit$$Limit     0x2000'07b4          --   Gb  - Linker created -
.iar.init_table$$Base    0x800'3544          --   Gb  - Linker created -
.iar.init_table$$Limit   0x800'3568          --   Gb  - Linker created -
?main                    0x800'3645         Code  Gb  cmain.o [6]
Aldata                  0x2000'05d8    0x8  Data  Lc  heap0.o [2]
BusFault_Handler         0x800'14a3         Code  Wk  vectortrap_M.o [6]
CSTACK$$Base            0x2000'07b8          --   Gb  - Linker created -
CSTACK$$Limit           0x2000'27b8          --   Gb  - Linker created -
DebugMon_Handler         0x800'14a3         Code  Wk  vectortrap_M.o [6]
DtorRecArray            0x2000'05f8    0xc  Data  Lc  cppinit.o [2]
GPIO::GPIO(unsigned int)
                         0x800'2bf1   0x4c  Code  Wk  main.o [1]
GPIO::configurePin(unsigned char, unsigned char, unsigned char, unsigned char, unsigned char)
                         0x800'28f5   0x8e  Code  Wk  main.o [1]
GPIO::configurePort(unsigned short)
                         0x800'2861   0x94  Code  Wk  UserLED.o [1]
GPIO::resetPin(unsigned short)
                         0x800'2c4f   0x12  Code  Wk  main.o [1]
GPIO::setPin(unsigned short)
                         0x800'2c3d   0x12  Code  Wk  main.o [1]
GPIO::setPort(unsigned short)
                         0x800'2c61    0x8  Code  Wk  UserLED.o [1]
HEAP$$Base              0x2000'27b8          --   Gb  - Linker created -
HEAP$$Limit             0x2000'47b8          --   Gb  - Linker created -
HardFault_Handler        0x800'14a3         Code  Wk  vectortrap_M.o [6]
MemManage_Handler        0x800'14a3         Code  Wk  vectortrap_M.o [6]
Motor::Motor()           0x800'2b89    0x2  Code  Gb  Motor.o [1]
Motor::setMotorState(unsigned char)
                         0x800'2b8b   0x4e  Code  Gb  Motor.o [1]
NMI_Handler              0x800'14a3         Code  Wk  vectortrap_M.o [6]
PendSV_Handler           0x800'14a3         Code  Wk  vectortrap_M.o [6]
Region$$Table$$Base      0x800'3544          --   Gb  - Linker created -
Region$$Table$$Limit     0x800'3568          --   Gb  - Linker created -
SHT$$INIT_ARRAY$$Base    0x800'39a4          --   Gb  - Linker created -
SHT$$INIT_ARRAY$$Limit   0x800'39a8          --   Gb  - Linker created -
SHT$$PREINIT_ARRAY$$Base
                         0x800'39a0          --   Gb  - Linker created -
SHT$$PREINIT_ARRAY$$Limit
                         0x800'39a4          --   Gb  - Linker created -
SVC_Handler              0x800'14a3         Code  Wk  vectortrap_M.o [6]
SysTick_Handler          0x800'14a3         Code  Wk  vectortrap_M.o [6]
UsageFault_Handler       0x800'14a3         Code  Wk  vectortrap_M.o [6]
UserLED::Init()          0x800'2b4d   0x26  Code  Gb  UserLED.o [1]
UserLED::SetValue(unsigned char)
                         0x800'2b73   0x16  Code  Gb  UserLED.o [1]
UserLED::UserLED(unsigned int)
                         0x800'2b39   0x14  Code  Gb  UserLED.o [1]
Virtual function table for std::__stdoutbuf<char>
                         0x800'304c   0x40  Data  Wk  iostream_cout.o [3]
Virtual function table for std::__time_get_c_storage<char>
                         0x800'34d8   0x24  Data  Wk  locale.o [3]
Virtual function table for std::__time_get_c_storage<wchar_t>
                         0x800'34fc   0x24  Data  Wk  locale.o [3]
Virtual function table for std::codecvt<char, char, _Mbstatet>
                         0x800'32f4   0x30  Data  Wk  locale.o [3]
Virtual function table for std::codecvt<char16_t, char, _Mbstatet>
                         0x800'3354   0x30  Data  Wk  locale.o [3]
Virtual function table for std::codecvt<char32_t, char, _Mbstatet>
                         0x800'3384   0x30  Data  Wk  locale.o [3]
Virtual function table for std::codecvt<wchar_t, char, _Mbstatet>
                         0x800'3324   0x30  Data  Wk  locale.o [3]
Virtual function table for std::collate<char>
                         0x800'3568   0x20  Data  Wk  locale.o [3]
Virtual function table for std::collate<wchar_t>
                         0x800'3588   0x20  Data  Wk  locale.o [3]
Virtual function table for std::ctype<char>
                         0x800'3258   0x34  Data  Wk  locale.o [3]
Virtual function table for std::ctype<wchar_t>
                         0x800'2f04   0x44  Data  Wk  locale.o [3]
Virtual function table for std::ios
                         0x800'3960   0x10  Data  Wk  ios.instantiations.o [3]
Virtual function table for std::ios_base
                         0x800'3950   0x10  Data  Wk  ios.o [3]
Virtual function table for std::locale::__imp
                         0x800'37ac   0x14  Data  Wk  locale.o [3]
Virtual function table for std::locale::facet
                         0x800'3798   0x14  Data  Wk  locale.o [3]
Virtual function table for std::messages<char>
                         0x800'35a8   0x20  Data  Wk  locale.o [3]
Virtual function table for std::messages<wchar_t>
                         0x800'35c8   0x20  Data  Wk  locale.o [3]
Virtual function table for std::money_get<char, std::istreambuf_iterator<char, std::char_traits<char>>>
                         0x800'3680   0x1c  Data  Wk  locale.o [3]
Virtual function table for std::money_get<wchar_t, std::istreambuf_iterator<wchar_t, std::char_traits<wchar_t>>>
                         0x800'369c   0x1c  Data  Wk  locale.o [3]
Virtual function table for std::money_put<char, std::ostreambuf_iterator<char, std::char_traits<char>>>
                         0x800'36b8   0x1c  Data  Wk  locale.o [3]
Virtual function table for std::money_put<wchar_t, std::ostreambuf_iterator<wchar_t, std::char_traits<wchar_t>>>
                         0x800'36d4   0x1c  Data  Wk  locale.o [3]
Virtual function table for std::moneypunct<char, (bool)0>
                         0x800'310c   0x38  Data  Wk  locale.o [3]
Virtual function table for std::moneypunct<char, (bool)1>
                         0x800'3144   0x38  Data  Wk  locale.o [3]
Virtual function table for std::moneypunct<wchar_t, (bool)0>
                         0x800'317c   0x38  Data  Wk  locale.o [3]
Virtual function table for std::moneypunct<wchar_t, (bool)1>
                         0x800'31b4   0x38  Data  Wk  locale.o [3]
Virtual function table for std::num_get<char, std::istreambuf_iterator<char, std::char_traits<char>>>
                         0x800'2f8c   0x40  Data  Wk  locale.o [3]
Virtual function table for std::num_get<wchar_t, std::istreambuf_iterator<wchar_t, std::char_traits<wchar_t>>>
                         0x800'2fcc   0x40  Data  Wk  locale.o [3]
Virtual function table for std::num_put<char, std::ostreambuf_iterator<char, std::char_traits<char>>>
                         0x800'328c   0x34  Data  Wk  locale.o [3]
Virtual function table for std::num_put<wchar_t, std::ostreambuf_iterator<wchar_t, std::char_traits<wchar_t>>>
                         0x800'32c0   0x34  Data  Wk  locale.o [3]
Virtual function table for std::numpunct<char>
                         0x800'3410   0x28  Data  Wk  locale.o [3]
Virtual function table for std::numpunct<wchar_t>
                         0x800'3438   0x28  Data  Wk  locale.o [3]
Virtual function table for std::ostream
                         0x800'3460   0x28  Data  Wk  ios.instantiations.o [3]
Virtual function table for std::streambuf
                         0x800'300c   0x40  Data  Wk  ios.instantiations.o [3]
Virtual function table for std::time_get<char, std::istreambuf_iterator<char, std::char_traits<char>>>
                         0x800'2d78   0x54  Data  Wk  locale.o [3]
Virtual function table for std::time_get<wchar_t, std::istreambuf_iterator<wchar_t, std::char_traits<wchar_t>>>
                         0x800'2dcc   0x54  Data  Wk  locale.o [3]
Virtual function table for std::time_put<char, std::ostreambuf_iterator<char, std::char_traits<char>>>
                         0x800'3728   0x18  Data  Wk  locale.o [3]
Virtual function table for std::time_put<wchar_t, std::ostreambuf_iterator<wchar_t, std::char_traits<wchar_t>>>
                         0x800'3740   0x18  Data  Wk  locale.o [3]
Virtual table table for std::ostream
                         0x800'3998    0x8  Data  Wk  ios.instantiations.o [3]
[local to iar_newlocale_cpp]::std::sLast
                        0x2000'0520    0x4  Data  Lc  iar_newlocale.o [3]
[local to iar_newlocale_cpp]::std::sLastName
                        0x2000'0508    0xc  Data  Lc  iar_newlocale.o [3]
[local to iar_newlocale_cpp]::std::sRefCounts
                        0x2000'0514    0xc  Data  Lc  iar_newlocale.o [3]
[local to iostream_cout_cpp]::std::<unnamed>::__coutg
                        0x2000'03ac    0x1  Data  Lc  iostream_cout.o [3]
[local to iostream_cout_cpp]::std::__cout
                        0x2000'03b8   0x30  Data  Lc  iostream_cout.o [3]
[local to iostream_cout_cpp]::std::mb_cout
                        0x2000'03b0    0x8  Data  Lc  iostream_cout.o [3]
_CProfile               0x2000'00f8   0x18  Data  Lc  xlocale_c.o [2]
_Close_all               0x800'30cd   0x40  Code  Gb  xcloseall.o [2]
_Files                  0x2000'00d8   0x20  Data  Gb  xfiles.o [2]
_Fofree                  0x800'2985   0x86  Code  Gb  xfofind.o [2]
_Fspos                   0x800'19e1   0xd8  Code  Gb  xfspos.o [2]
_Fwprep                  0x800'1dcd   0xb4  Code  Gb  xfwprep.o [2]
_Locale_Profile         0x2000'0110   0x18  Data  Lc  xlocale_c.o [2]
_Nnl                     0x800'1b65    0xc  Code  Gb  xfgpos.o [2]
__aeabi_atexit           0x800'282d    0xa  Code  Gb  cxxabi.o [4]
__aeabi_memset           0x800'2531         Code  Gb  ABImemset.o [6]
__basic_aligned_alloc    0x800'1357  0x114  Code  Gb  heap0.o [2]
__basic_free             0x800'12cd   0x16  Code  Gb  heap0.o [2]
__basic_free_intern      0x800'12e3   0x74  Code  Lc  heap0.o [2]
__basic_malloc           0x800'1221   0x18  Code  Gb  heap0.o [2]
__basic_malloc_intern    0x800'1239   0x94  Code  Lc  heap0.o [2]
__call_ctors             0x800'26b1   0x18  Code  Gb  cppinit.o [2]
__call_dtors             0x800'26ff    0xc  Code  Gb  cppinit.o [2]
__call_dtors0            0x800'270b   0x36  Code  Gb  cppinit.o [2]
__cexit_call_dtors       0x800'366f         Code  Gb  cexit.o [6]
__cexit_closeall         0x800'3673         Code  Gb  cexit.o [6]
__close                  0x800'2a8f   0x18  Code  Gb  close.o [7]
__cmain                  0x800'3645         Code  Gb  cmain.o [6]
__cstart_call_dtors      0x800'39ac         Data  Gb  cstart_call_dtors.o [6]
__cstart_closeall        0x800'39ac         Data  Gb  cstart_closeall.o [6]
__cxa_atexit             0x800'26c9   0x36  Code  Gb  cppinit.o [2]
__data_GetMemChunk       0x800'1561   0x2c  Code  Gb  xgetmemchunk.o [2]
__data_GetMemChunk::start
                        0x2000'05f0    0x4  Data  Lc  xgetmemchunk.o [2]
__dso_handle            0x2000'05e8    0x4  Data  Gb  cppinit.o [2]
__dwrite                 0x800'1cb5   0x1e  Code  Gb  dwrite.o [7]
__exit                   0x800'1015   0x14  Code  Gb  exit.o [7]
__iar_CProfile           0x800'1029    0x4  Code  Gb  xlocale_c.o [2]
__iar_C_Locale           0x800'2e74   0x48  Data  Lc  xlocale_c.o [2]
__iar_Errno             0x2000'05f4    0x4  Tls   Gb  errno.o [2]
__iar_Memchr             0x800'1e81         Code  Gb  memchr.o [6]
__iar_Memset             0x800'2531         Code  Gb  ABImemset.o [6]
__iar_Memset_word        0x800'2539         Code  Gb  ABImemset.o [6]
__iar_Stderr            0x2000'0090   0x48  Data  Gb  xfiles.o [2]
__iar_Stdin             0x2000'0000   0x48  Data  Gb  xfiles.o [2]
__iar_Stdout            0x2000'0048   0x48  Data  Gb  xfiles.o [2]
__iar_close_ttio         0x800'14a5   0x2c  Code  Gb  iarttio.o [7]
__iar_cstart_call_ctors
                         0x800'35e9   0x20  Code  Gb  cmain_call_ctors.o [6]
__iar_data_init3         0x800'3489   0x28  Code  Gb  data_init.o [6]
__iar_debug_exceptions   0x800'15b2    0x1  Data  Gb  unwind_debug.o [7]
__iar_errno_set          0x800'1bc1    0xe  Code  Gb  errno.o [2]
__iar_get_ttio           0x800'14d1   0x4c  Code  Gb  iarttio.o [7]
__iar_global_Profile     0x800'102d    0x4  Code  Gb  xlocale_c.o [2]
__iar_init_vfp           0x800'3521         Code  Gb  fpinit_M.o [5]
__iar_lookup_ttioh       0x800'15b5    0x8  Code  Gb  XShttio.o [2]
__iar_lz77_init_single3
                         0x800'0db7   0x7e  Code  Gb  lz77_init_single.o [6]
__iar_nothread_read_tp   0x800'1cb1    0x4  Code  Gb  tp_nothreads.o [2]
__iar_program_start      0x800'36f1         Code  Gb  cstartup_M.o [6]
__iar_sh_Discard         0x800'1be5   0x42  Code  Gb  XShHandles.o [2]
__iar_sh_Move            0x800'1c27   0x46  Code  Gb  XShHandles.o [2]
__iar_sh_Pos             0x800'1c6d   0x40  Code  Gb  XShHandles.o [2]
__iar_sh_stdout          0x800'1cd3   0x20  Code  Gb  iarwstd.o [7]
__iar_sh_write           0x800'1cf3   0x22  Code  Gb  iarwrite.o [7]
__iar_tls$$INIT_ARRAY$$Base
                         0x800'39a8          --   Gb  - Linker created -
__iar_tls$$INIT_ARRAY$$Limit
                         0x800'39a8          --   Gb  - Linker created -
__iar_ttio_handles      0x2000'0128    0x8  Data  Lc  XShttio.o [2]
__iar_unaligned_memcpy   0x800'0e99         Code  Gb  ABImemcpy_unaligned.o [6]
__iar_unaligned_memcpy4
                         0x800'0eb9         Code  Gb  ABImemcpy_unaligned.o [6]
__iar_unaligned_memcpy8
                         0x800'0eb9         Code  Gb  ABImemcpy_unaligned.o [6]
__iar_zero_init3         0x800'31ed   0x38  Code  Gb  zero_init3.o [6]
__low_level_init         0x800'3663    0x4  Code  Gb  low_level_init.o [2]
__lseek                  0x800'1b71   0x4e  Code  Gb  lseek.o [7]
__no_uncaught_exception
                         0x800'2323    0x4  Code  Gb  arm_exceptions_uncaught_c.o [6]
__sti__routine           0x800'2751   0x68  Code  Lc  iostream_cout.o [3]
__sti__routine           0x800'2f49   0x32  Code  Lc  iar_newlocale.o [3]
__vector_table           0x800'0000         Data  Gb  vector_table_M.o [6]
__write                  0x800'1bd5   0x10  Code  Gb  write.o [7]
_call_main               0x800'3651         Code  Gb  cmain.o [6]
_exit                    0x800'366d         Code  Gb  cexit.o [6]
abort                    0x800'0c7f    0x6  Code  Gb  abort.o [2]
char * std::__to_address<char>(char *)
                         0x800'2415    0x2  Code  Wk  Motor.o [1]
char * std::addressof<char>(char &)
                         0x800'25ad    0x2  Code  Wk  Motor.o [1]
ebuf                    0x2000'0468   0x50  Data  Lc  xfiles.o [2]
exit                     0x800'3667    0x4  Code  Gb  exit.o [2]
fclose                   0x800'2a11   0x7e  Code  Gb  fclose.o [2]
fflush                   0x800'1b2d   0x34  Code  Gb  fflush.o [2]
fflushOne                0x800'1ab9   0x74  Code  Lc  fflush.o [2]
fputc                    0x800'2e21   0x54  Code  Gb  fputc.o [2]
free                     0x800'11e5    0x4  Code  Gb  heaptramp0.o [2]
freelocale               0x800'0cb5   0xa4  Code  Wk  iar_newlocale.o [3]
fseek                    0x800'1ed9   0x24  Code  Gb  fseek.o [2]
fwrite                   0x800'1d15   0xb8  Code  Gb  fwrite.o [2]
main                     0x800'2abd   0x7c  Code  Gb  main.o [1]
memchr                   0x800'1e81         Code  Gb  memchr.o [6]
next_abi_dtor_rec       0x2000'05e4    0x4  Data  Lc  cppinit.o [2]
obuf                    0x2000'04b8   0x50  Data  Lc  xfiles.o [2]
operator delete (void *)
                         0x800'0d63    0xa  Code  Gb  delop_0.o [4]
operator delete (void *, unsigned int)
                         0x800'07e1    0x4  Code  Gb  delop4_0.o [4]
operator delete (void *, unsigned int, std::align_val_t)
                         0x800'15dd    0x4  Code  Gb  delop6_0.o [4]
operator delete[] (void *)
                         0x800'0c9d    0x4  Code  Gb  delaop_0.o [4]
operator new (unsigned int)
                         0x800'0e75   0x24  Code  Gb  newop_0.o [4]
operator new (unsigned int, std::align_val_t)
                         0x800'25d1   0x28  Code  Gb  newop3_0.o [4]
remove                   0x800'2aa7   0x14  Code  Gb  remove.o [7]
sFileInfo               0x2000'03e8   0x80  Data  Lc  XShHandles.o [2]
std::<unnamed>::__cout_guard::~__cout_guard()
                         0x800'27b9    0xe  Code  Lc  iostream_cout.o [3]
std::_GLOBAL__N__10_locale_cpp_3334805e::make<std::codecvt<char, char, mbstate_t>, unsigned int>(unsigned int)::buf
                        0x2000'0198    0x8  Data  Lc  locale.o [3]
std::_GLOBAL__N__10_locale_cpp_3334805e::make<std::codecvt<char16_t, char, mbstate_t>, unsigned int>(unsigned int)::buf
                        0x2000'01b0    0x8  Data  Lc  locale.o [3]
std::_GLOBAL__N__10_locale_cpp_3334805e::make<std::codecvt<char32_t, char, mbstate_t>, unsigned int>(unsigned int)::buf
                        0x2000'01b8    0x8  Data  Lc  locale.o [3]
std::_GLOBAL__N__10_locale_cpp_3334805e::make<std::codecvt<wchar_t, char, mbstate_t>, unsigned int>(unsigned int)::buf
                        0x2000'01a0   0x10  Data  Lc  locale.o [3]
std::_GLOBAL__N__10_locale_cpp_3334805e::make<std::collate<char>, unsigned int>(unsigned int)::buf
                        0x2000'0180    0x8  Data  Lc  locale.o [3]
std::_GLOBAL__N__10_locale_cpp_3334805e::make<std::collate<wchar_t>, unsigned int>(unsigned int)::buf
                        0x2000'0188    0x8  Data  Lc  locale.o [3]
std::_GLOBAL__N__10_locale_cpp_3334805e::make<std::ctype<char>, std::nullptr_t, bool, unsigned int>(std::nullptr_t, bool, unsigned int)::buf
                        0x2000'0130   0x10  Data  Lc  locale.o [3]
std::_GLOBAL__N__10_locale_cpp_3334805e::make<std::ctype<wchar_t>, unsigned int>(unsigned int)::buf
                        0x2000'0190    0x8  Data  Lc  locale.o [3]
std::_GLOBAL__N__10_locale_cpp_3334805e::make<std::locale::__imp, unsigned int>(unsigned int)::buf
                        0x2000'02b0   0xa8  Data  Lc  locale.o [3]
std::_GLOBAL__N__10_locale_cpp_3334805e::make<std::messages<char>, unsigned int>(unsigned int)::buf
                        0x2000'0298    0x8  Data  Lc  locale.o [3]
std::_GLOBAL__N__10_locale_cpp_3334805e::make<std::messages<wchar_t>, unsigned int>(unsigned int)::buf
                        0x2000'02a0    0x8  Data  Lc  locale.o [3]
std::_GLOBAL__N__10_locale_cpp_3334805e::make<std::money_get<char>, unsigned int>(unsigned int)::buf
                        0x2000'0238    0x8  Data  Lc  locale.o [3]
std::_GLOBAL__N__10_locale_cpp_3334805e::make<std::money_get<wchar_t>, unsigned int>(unsigned int)::buf
                        0x2000'0240    0x8  Data  Lc  locale.o [3]
std::_GLOBAL__N__10_locale_cpp_3334805e::make<std::money_put<char>, unsigned int>(unsigned int)::buf
                        0x2000'0248    0x8  Data  Lc  locale.o [3]
std::_GLOBAL__N__10_locale_cpp_3334805e::make<std::money_put<wchar_t>, unsigned int>(unsigned int)::buf
                        0x2000'0250    0x8  Data  Lc  locale.o [3]
std::_GLOBAL__N__10_locale_cpp_3334805e::make<std::moneypunct<char, false>, unsigned int>(unsigned int)::buf
                        0x2000'0218    0x8  Data  Lc  locale.o [3]
std::_GLOBAL__N__10_locale_cpp_3334805e::make<std::moneypunct<char, true>, unsigned int>(unsigned int)::buf
                        0x2000'0220    0x8  Data  Lc  locale.o [3]
std::_GLOBAL__N__10_locale_cpp_3334805e::make<std::moneypunct<wchar_t, false>, unsigned int>(unsigned int)::buf
                        0x2000'0228    0x8  Data  Lc  locale.o [3]
std::_GLOBAL__N__10_locale_cpp_3334805e::make<std::moneypunct<wchar_t, true>, unsigned int>(unsigned int)::buf
                        0x2000'0230    0x8  Data  Lc  locale.o [3]
std::_GLOBAL__N__10_locale_cpp_3334805e::make<std::num_get<char>, unsigned int>(unsigned int)::buf
                        0x2000'01f8    0x8  Data  Lc  locale.o [3]
std::_GLOBAL__N__10_locale_cpp_3334805e::make<std::num_get<wchar_t>, unsigned int>(unsigned int)::buf
                        0x2000'0200    0x8  Data  Lc  locale.o [3]
std::_GLOBAL__N__10_locale_cpp_3334805e::make<std::num_put<char>, unsigned int>(unsigned int)::buf
                        0x2000'0208    0x8  Data  Lc  locale.o [3]
std::_GLOBAL__N__10_locale_cpp_3334805e::make<std::num_put<wchar_t>, unsigned int>(unsigned int)::buf
                        0x2000'0210    0x8  Data  Lc  locale.o [3]
std::_GLOBAL__N__10_locale_cpp_3334805e::make<std::numpunct<char>, unsigned int>(unsigned int)::buf
                        0x2000'01c0   0x18  Data  Lc  locale.o [3]
std::_GLOBAL__N__10_locale_cpp_3334805e::make<std::numpunct<wchar_t>, unsigned int>(unsigned int)::buf
                        0x2000'01d8   0x20  Data  Lc  locale.o [3]
std::_GLOBAL__N__10_locale_cpp_3334805e::make<std::time_get<char>, unsigned int>(unsigned int)::buf
                        0x2000'0258   0x10  Data  Lc  locale.o [3]
std::_GLOBAL__N__10_locale_cpp_3334805e::make<std::time_get<wchar_t>, unsigned int>(unsigned int)::buf
                        0x2000'0268   0x10  Data  Lc  locale.o [3]
std::_GLOBAL__N__10_locale_cpp_3334805e::make<std::time_put<char>, unsigned int>(unsigned int)::buf
                        0x2000'0278   0x10  Data  Lc  locale.o [3]
std::_GLOBAL__N__10_locale_cpp_3334805e::make<std::time_put<wchar_t>, unsigned int>(unsigned int)::buf
                        0x2000'0288   0x10  Data  Lc  locale.o [3]
std::_NomemoryNothrow()
                         0x800'121d    0x4  Code  Gb  nomemory.o [4]
std::__basic_string_common<(bool)1>::__throw_length_error() const
                         0x800'0e6b    0x4  Code  Wk  string.o [3]
std::__call_once(unsigned long volatile &, void *, void (*)(void *))
                         0x800'0c85   0x18  Code  Gb  mutex.o [3]
std::__cloc()            0x800'0cb1    0x4  Code  Gb  iar_locale.o [3]
std::__compressed_pair<std::string::__rep, std::allocator<char>>::__compressed_pair<std::__default_init_tag, std::__default_init_tag>(std::__default_init_tag &&, std::__default_init_tag &&)
                         0x800'2349   0x26  Code  Wk  Motor.o [1]
std::__compressed_pair<std::string::__rep, std::allocator<char>>::first()
                         0x800'1481    0x8  Code  Wk  Motor.o [1]
std::__compressed_pair<std::string::__rep, std::allocator<char>>::first() const
                         0x800'1471    0x8  Code  Wk  Motor.o [1]
std::__compressed_pair<std::string::__rep, std::allocator<char>>::second()
                         0x800'1479    0x8  Code  Wk  Motor.o [1]
std::__compressed_pair<std::string::__rep, std::allocator<char>>::second() const
                         0x800'259f    0x8  Code  Wk  Motor.o [1]
std::__compressed_pair_elem<std::allocator<char>, (int)1, (bool)1>::__compressed_pair_elem(std::__default_init_tag)
                         0x800'24c9    0xe  Code  Wk  Motor.o [1]
std::__compressed_pair_elem<std::allocator<char>, (int)1, (bool)1>::__compressed_pair_elem(std::__default_init_tag) [subobject]
                         0x800'2421    0x8  Code  Wk  Motor.o [1]
std::__compressed_pair_elem<std::allocator<char>, (int)1, (bool)1>::__get()
                         0x800'158f    0x2  Code  Wk  Motor.o [1]
std::__compressed_pair_elem<std::allocator<char>, (int)1, (bool)1>::__get() const
                         0x800'25cd    0x2  Code  Wk  Motor.o [1]
std::__compressed_pair_elem<std::string::__rep, (int)0, (bool)0>::__compressed_pair_elem(std::__default_init_tag)
                         0x800'24c7    0x2  Code  Wk  Motor.o [1]
std::__compressed_pair_elem<std::string::__rep, (int)0, (bool)0>::__compressed_pair_elem(std::__default_init_tag) [subobject]
                         0x800'2419    0x8  Code  Wk  Motor.o [1]
std::__compressed_pair_elem<std::string::__rep, (int)0, (bool)0>::__get()
                         0x800'1591    0x2  Code  Wk  Motor.o [1]
std::__compressed_pair_elem<std::string::__rep, (int)0, (bool)0>::__get() const
                         0x800'158d    0x2  Code  Wk  Motor.o [1]
std::__default_init_tag && std::forward<std::__default_init_tag>(std::remove_reference<std::__default_init_tag>::type &)
                         0x800'2417    0x2  Code  Wk  Motor.o [1]
std::__iar_New_hand     0x2000'05ec    0x4  Data  Gb  new.o [4]
std::__libcpp_deallocate(void *, unsigned int, unsigned int)
                         0x800'1593   0x20  Code  Wk  Motor.o [1]
std::__non_trivial_if<(bool)1, std::allocator<char>>::__non_trivial_if()
                         0x800'2601    0x2  Code  Wk  Motor.o [1]
std::__non_trivial_if<(bool)1, std::allocator<char>>::__non_trivial_if() [subobject]
                         0x800'25f9    0x8  Code  Wk  Motor.o [1]
std::__shared_count::__release_shared()
                         0x800'07e7   0x32  Code  Wk  locale.o [3]
std::__shared_count::~__shared_count() [subobject]
                         0x800'07e5    0x2  Code  Gb  memory.o [3]
std::__split_buffer<std::locale::facet *, std::__sso_allocator<std::locale::facet *, (unsigned int)30> &>::__split_buffer(unsigned int, unsigned int, std::__sso_allocator<std::locale::facet *, (unsigned int)30> &)
                         0x800'0fa5   0x2c  Code  Wk  locale.o [3]
std::__split_buffer<std::locale::facet *, std::__sso_allocator<std::locale::facet *, (unsigned int)30> &>::~__split_buffer()
                         0x800'0fdb   0x28  Code  Wk  locale.o [3]
std::__stdoutbuf<char>::__stdoutbuf(__FILE *, _Mbstatet *)
                         0x800'27e9   0x44  Code  Wk  iostream_cout.o [3]
std::__stdoutbuf<char>::overflow(int)
                         0x800'2603   0xae  Code  Wk  iostream_cout.o [3]
std::__stdoutbuf<char>::sync()
                         0x800'2ebd   0x48  Code  Wk  iostream_cout.o [3]
std::__stdoutbuf<char>::xsputn(char const *, int)
                         0x800'308d   0x40  Code  Wk  iostream_cout.o [3]
std::__stdoutbuf<char>::~__stdoutbuf()
                         0x800'398d    0xc  Code  Wk  iostream_cout.o [3]
std::__tree<std::__value_type<_Locale_Profile_t const *, int>, std::__map_value_compare<_Locale_Profile_t const *, std::__value_type<_Locale_Profile_t const *, int>, std::less<_Locale_Profile_t const *>, (bool)1>, std::allocator<std::__value_type<_Locale_Profile_t const *, int>>>::destroy(std::__tree_node<std::__value_type<_Locale_Profile_t const *, int>, void *> *)
                         0x800'34b1   0x26  Code  Wk  iar_newlocale.o [3]
std::__vector_base<std::locale::facet *, std::__sso_allocator<std::locale::facet *, (unsigned int)30>>::__destruct_at_end(std::locale::facet **)
                         0x800'1003   0x10  Code  Wk  locale.o [3]
std::__vector_base<std::locale::facet *, std::__sso_allocator<std::locale::facet *, (unsigned int)30>>::capacity() const
                         0x800'0f45    0xc  Code  Wk  locale.o [3]
std::__vector_base<std::locale::facet *, std::__sso_allocator<std::locale::facet *, (unsigned int)30>>::~__vector_base()
                         0x800'0b67   0x2a  Code  Wk  locale.o [3]
std::__vector_base_common<(bool)1>::__throw_length_error() const
                         0x800'11ef    0x4  Code  Wk  vector.o [3]
std::allocator<char>::allocate(unsigned int)
                         0x800'24f7   0x34  Code  Wk  Motor.o [1]
std::allocator<char>::allocator()
                         0x800'25bf    0xe  Code  Wk  Motor.o [1]
std::allocator<char>::allocator() [subobject]
                         0x800'2597    0x8  Code  Wk  Motor.o [1]
std::allocator<char>::deallocate(char *, unsigned int)
                         0x800'1489    0xe  Code  Wk  Motor.o [1]
std::allocator<char>::max_size() const
                         0x800'25a7    0x6  Code  Wk  Motor.o [1]
std::allocator_traits<std::__sso_allocator<std::locale::facet *, (unsigned int)30>>::allocate(std::__sso_allocator<std::locale::facet *, (unsigned int)30> &, unsigned int)
                         0x800'11f3   0x2a  Code  Wk  locale.o [3]
std::allocator_traits<std::__sso_allocator<std::locale::facet *, (unsigned int)30>>::deallocate(std::__sso_allocator<std::locale::facet *, (unsigned int)30> &, std::locale::facet **, unsigned int)
                         0x800'0f51   0x16  Code  Wk  locale.o [3]
std::allocator_traits<std::allocator<char>>::allocate(std::allocator<char>&, unsigned int)
                         0x800'2471    0x8  Code  Wk  Motor.o [1]
std::allocator_traits<std::allocator<char>>::deallocate(std::allocator<char>&, char *, unsigned int)
                         0x800'0f3d    0x8  Code  Wk  Motor.o [1]
std::allocator_traits<std::allocator<std::__tree_node<std::__value_type<_Locale_Profile_t const *, int>, void *>>>::deallocate(std::allocator<std::__tree_node<std::__value_type<_Locale_Profile_t const *, int>, void *>>&, std::__tree_node<std::__value_type<_Locale_Profile_t const *, int>, void *> *, unsigned int)
                         0x800'11d9    0xc  Code  Wk  iar_newlocale.o [3]
std::char_traits<char>::assign(char &, char const &)
                         0x800'24c1    0x6  Code  Wk  Motor.o [1]
std::char_traits<char>::assign(char *, unsigned int, char)
                         0x800'24a1   0x20  Code  Wk  Motor.o [1]
std::char_traits<char>::eq_int_type(int, int)
                         0x800'229b    0xe  Code  Wk  Motor.o [1]
std::char_traits<char>::length(char const *)
                         0x800'2c87    0x8  Code  Wk  Motor.o [1]
std::char_traits<char>::to_int_type(char)
                         0x800'252b    0x4  Code  Wk  Motor.o [1]
std::codecvt<char, char, _Mbstatet>::codecvt(unsigned int)
                         0x800'0901   0x18  Code  Wk  locale.o [3]
std::codecvt<char, char, _Mbstatet>::do_always_noconv() const
                         0x800'0721    0x4  Code  Gb  locale.o [3]
std::codecvt<char, char, _Mbstatet>::do_out(_Mbstatet &, char const *, char const *, char const *&, char *, char *, char *&) const
                         0x800'070d    0x2  Code  Gb  locale.o [3]
std::codecvt<char, char, _Mbstatet>::do_unshift(_Mbstatet &, char *, char *, char *&) const
                         0x800'071d    0x4  Code  Gb  locale.o [3]
std::codecvt<char, char, _Mbstatet>::id
                        0x2000'0150    0x8  Data  Gb  locale.o [3]
std::codecvt<char, char, _Mbstatet>::~codecvt() [deleting]
                         0x800'008d    0x4  Code  Gb  locale.o [3]
std::codecvt<char16_t, char, _Mbstatet>::codecvt(unsigned int)
                         0x800'0919   0x18  Code  Wk  locale.o [3]
std::codecvt<char16_t, char, _Mbstatet>::id
                        0x2000'0160    0x8  Data  Gb  locale.o [3]
std::codecvt<char16_t, char, _Mbstatet>::~codecvt() [deleting]
                         0x800'009b    0x4  Code  Gb  locale.o [3]
std::codecvt<char32_t, char, _Mbstatet>::codecvt(unsigned int)
                         0x800'0931   0x18  Code  Wk  locale.o [3]
std::codecvt<char32_t, char, _Mbstatet>::id
                        0x2000'0168    0x8  Data  Gb  locale.o [3]
std::codecvt<char32_t, char, _Mbstatet>::~codecvt() [deleting]
                         0x800'009f    0x4  Code  Gb  locale.o [3]
std::codecvt<wchar_t, char, _Mbstatet>::codecvt(unsigned int)
                         0x800'0725   0x16  Code  Gb  locale.o [3]
std::codecvt<wchar_t, char, _Mbstatet>::id
                        0x2000'0158    0x8  Data  Gb  locale.o [3]
std::codecvt<wchar_t, char, _Mbstatet>::~codecvt()
                         0x800'0741   0x1c  Code  Gb  locale.o [3]
std::codecvt<wchar_t, char, _Mbstatet>::~codecvt() [deleting]
                         0x800'0091    0xa  Code  Gb  locale.o [3]
std::collate<char>::collate(unsigned int)
                         0x800'08b9   0x18  Code  Wk  locale.o [3]
std::collate<char>::id  0x2000'0530    0x8  Data  Wk  locale.o [3]
std::collate<char>::~collate() [deleting]
                         0x800'37c1   0x14  Code  Wk  locale.o [3]
std::collate<wchar_t>::collate(unsigned int)
                         0x800'08d1   0x18  Code  Wk  locale.o [3]
std::collate<wchar_t>::id
                        0x2000'0538    0x8  Data  Wk  locale.o [3]
std::collate<wchar_t>::~collate() [deleting]
                         0x800'37d5   0x14  Code  Wk  locale.o [3]
std::cout               0x2000'0358   0x54  Data  Gb  iostream_cout.o [3]
std::ctype<char> const & std::use_facet<std::ctype<char>>(std::locale const &)
                         0x800'232d   0x10  Code  Wk  Motor.o [1]
std::ctype<char>::classic_table() noexcept::builtin_table
                         0x800'15e0  0x400  Data  Lc  locale.o [3]
std::ctype<char>::do_widen(char) const
                         0x800'06f7    0x4  Code  Gb  locale.o [3]
std::ctype<char>::id    0x2000'0148    0x8  Data  Gb  locale.o [3]
std::ctype<char>::widen(char) const
                         0x800'233d    0xc  Code  Wk  Motor.o [1]
std::ctype<char>::~ctype()
                         0x800'06e1   0x16  Code  Gb  locale.o [3]
std::ctype<char>::~ctype() [deleting]
                         0x800'0079   0x14  Code  Gb  locale.o [3]
std::ctype<wchar_t>::ctype(unsigned int)
                         0x800'08e9   0x18  Code  Wk  locale.o [3]
std::ctype<wchar_t>::id
                        0x2000'0140    0x8  Data  Gb  locale.o [3]
std::ctype<wchar_t>::~ctype() [deleting]
                         0x800'0065    0x2  Code  Gb  locale.o [3]
std::enable_if<(std::is_move_constructible<std::locale::facet **>::value&&std::is_move_assignable<std::locale::facet **>::value), void>::type std::swap<std::locale::facet **>(std::locale::facet ** &, std::locale::facet ** &)
                         0x800'0fd1    0xa  Code  Wk  locale.o [3]
std::ios::fill() const   0x800'20cb   0x22  Code  Wk  Motor.o [1]
std::ios::rdbuf() const
                         0x800'2293    0x8  Code  Wk  Motor.o [1]
std::ios::setstate(unsigned int)
                         0x800'21a3    0x8  Code  Wk  Motor.o [1]
std::ios::widen(char) const
                         0x800'22a9   0x28  Code  Wk  Motor.o [1]
std::ios_base::__call_callbacks(std::ios_base::event)
                         0x800'1eff   0x22  Code  Gb  ios.o [3]
std::ios_base::clear(unsigned int)
                         0x800'1f59   0x16  Code  Gb  ios.o [3]
std::ios_base::flags() const
                         0x800'20c7    0x4  Code  Wk  Motor.o [1]
std::ios_base::getloc() const
                         0x800'1f21    0x6  Code  Gb  ios.o [3]
std::ios_base::init(void *)
                         0x800'1f6f   0x3e  Code  Gb  ios.o [3]
std::ios_base::rdbuf() const
                         0x800'2327    0x4  Code  Wk  Motor.o [1]
std::ios_base::setstate(unsigned int)
                         0x800'2317    0xc  Code  Wk  Motor.o [1]
std::ios_base::width() const
                         0x800'22d1    0x4  Code  Wk  Motor.o [1]
std::ios_base::width(int)
                         0x800'230f    0x8  Code  Wk  Motor.o [1]
std::ios_base::~ios_base()
                         0x800'1f27   0x32  Code  Gb  ios.o [3]
std::ios_base::~ios_base() [subobject]
                         0x800'1efd    0x2  Code  Gb  ios.o [3]
std::locale::__global()
                         0x800'05cd   0x2e  Code  Gb  locale.o [3]
std::locale::__global()::g
                        0x2000'052c    0x4  Data  Lc  locale.o [3]
std::locale::__global()::static guard for g
                        0x2000'0524    0x1  Data  Lc  locale.o [3]
std::locale::__imp::__imp(unsigned int)
                         0x800'00e3  0x396  Code  Gb  locale.o [3]
std::locale::__imp::has_facet(long) const
                         0x800'0c65   0x1a  Code  Wk  locale.o [3]
std::locale::__imp::install(std::locale::facet *, long)
                         0x800'04fd   0x74  Code  Gb  locale.o [3]
std::locale::__imp::make_classic()
                         0x800'0589   0x1a  Code  Gb  locale.o [3]
std::locale::__imp::make_classic()::buf
                        0x2000'02a8    0x4  Data  Lc  locale.o [3]
std::locale::__imp::make_global()::buf
                        0x2000'0528    0x4  Data  Lc  locale.o [3]
std::locale::__imp::use_facet(long) const
                         0x800'0571   0x18  Code  Gb  locale.o [3]
std::locale::__imp::~__imp()
                         0x800'049d   0x4a  Code  Gb  locale.o [3]
std::locale::__imp::~__imp() [deleting]
                         0x800'0045   0x14  Code  Gb  locale.o [3]
std::locale::classic()   0x800'05a9   0x18  Code  Gb  locale.o [3]
std::locale::classic()::c
                        0x2000'05d4    0x4  Data  Lc  locale.o [3]
std::locale::classic()::static guard for c
                        0x2000'05d0    0x1  Data  Lc  locale.o [3]
std::locale::facet::__on_zero_shared()
                         0x800'067d    0xa  Code  Gb  locale.o [3]
std::locale::facet::facet(unsigned int) [subobject]
                         0x800'0ca1   0x10  Code  Wk  locale.o [3]
std::locale::facet::~facet() [deleting]
                         0x800'0041    0x4  Code  Gb  locale.o [3]
std::locale::id::__get()
                         0x800'0687   0x3c  Code  Gb  locale.o [3]
std::locale::id::__init()
                         0x800'06cd    0xe  Code  Gb  locale.o [3]
std::locale::id::__next_id
                        0x2000'05e0    0x4  Data  Gb  locale.o [3]
std::locale::locale()    0x800'061d    0x8  Code  Gb  locale.o [3]
std::locale::locale(const std::locale&)
                         0x800'0641    0x2  Code  Gb  locale.o [3]
std::locale::use_facet(std::locale::id &) const
                         0x800'0669   0x14  Code  Gb  locale.o [3]
std::locale::~locale()   0x800'065b    0x2  Code  Gb  locale.o [3]
std::map<_Locale_Profile_t const *, int, std::less<_Locale_Profile_t const *>, std::allocator<std::pair<_Locale_Profile_t const *const , int>>>::~map()
                         0x800'397f    0xe  Code  Wk  iar_newlocale.o [3]
std::messages<char>::id
                        0x2000'05c0    0x8  Data  Wk  locale.o [3]
std::messages<char>::messages(unsigned int)
                         0x800'0b01   0x18  Code  Wk  locale.o [3]
std::messages<char>::~messages() [deleting]
                         0x800'3929   0x14  Code  Wk  locale.o [3]
std::messages<wchar_t>::id
                        0x2000'05c8    0x8  Data  Wk  locale.o [3]
std::messages<wchar_t>::messages(unsigned int)
                         0x800'0b19   0x18  Code  Wk  locale.o [3]
std::messages<wchar_t>::~messages() [deleting]
                         0x800'393d   0x14  Code  Wk  locale.o [3]
std::money_get<char, std::istreambuf_iterator<char, std::char_traits<char>>>::id
                        0x2000'05a0    0x8  Data  Wk  locale.o [3]
std::money_get<char, std::istreambuf_iterator<char, std::char_traits<char>>>::money_get(unsigned int)
                         0x800'0a09   0x18  Code  Wk  locale.o [3]
std::money_get<char, std::istreambuf_iterator<char, std::char_traits<char>>>::~money_get() [deleting]
                         0x800'38d9   0x14  Code  Wk  locale.o [3]
std::money_get<wchar_t, std::istreambuf_iterator<wchar_t, std::char_traits<wchar_t>>>::id
                        0x2000'05a8    0x8  Data  Wk  locale.o [3]
std::money_get<wchar_t, std::istreambuf_iterator<wchar_t, std::char_traits<wchar_t>>>::money_get(unsigned int)
                         0x800'0a21   0x18  Code  Wk  locale.o [3]
std::money_get<wchar_t, std::istreambuf_iterator<wchar_t, std::char_traits<wchar_t>>>::~money_get() [deleting]
                         0x800'38ed   0x14  Code  Wk  locale.o [3]
std::money_put<char, std::ostreambuf_iterator<char, std::char_traits<char>>>::id
                        0x2000'05b0    0x8  Data  Wk  locale.o [3]
std::money_put<char, std::ostreambuf_iterator<char, std::char_traits<char>>>::money_put(unsigned int)
                         0x800'0a39   0x18  Code  Wk  locale.o [3]
std::money_put<char, std::ostreambuf_iterator<char, std::char_traits<char>>>::~money_put() [deleting]
                         0x800'3901   0x14  Code  Wk  locale.o [3]
std::money_put<wchar_t, std::ostreambuf_iterator<wchar_t, std::char_traits<wchar_t>>>::id
                        0x2000'05b8    0x8  Data  Wk  locale.o [3]
std::money_put<wchar_t, std::ostreambuf_iterator<wchar_t, std::char_traits<wchar_t>>>::money_put(unsigned int)
                         0x800'0a51   0x18  Code  Wk  locale.o [3]
std::money_put<wchar_t, std::ostreambuf_iterator<wchar_t, std::char_traits<wchar_t>>>::~money_put() [deleting]
                         0x800'3915   0x14  Code  Wk  locale.o [3]
std::moneypunct<char, (bool)0>::id
                        0x2000'0580    0x8  Data  Wk  locale.o [3]
std::moneypunct<char, (bool)0>::moneypunct(unsigned int)
                         0x800'09a9   0x18  Code  Wk  locale.o [3]
std::moneypunct<char, (bool)0>::~moneypunct() [deleting]
                         0x800'3889   0x14  Code  Wk  locale.o [3]
std::moneypunct<char, (bool)1>::id
                        0x2000'0588    0x8  Data  Wk  locale.o [3]
std::moneypunct<char, (bool)1>::moneypunct(unsigned int)
                         0x800'09c1   0x18  Code  Wk  locale.o [3]
std::moneypunct<char, (bool)1>::~moneypunct() [deleting]
                         0x800'389d   0x14  Code  Wk  locale.o [3]
std::moneypunct<wchar_t, (bool)0>::id
                        0x2000'0590    0x8  Data  Wk  locale.o [3]
std::moneypunct<wchar_t, (bool)0>::moneypunct(unsigned int)
                         0x800'09d9   0x18  Code  Wk  locale.o [3]
std::moneypunct<wchar_t, (bool)0>::~moneypunct() [deleting]
                         0x800'38b1   0x14  Code  Wk  locale.o [3]
std::moneypunct<wchar_t, (bool)1>::id
                        0x2000'0598    0x8  Data  Wk  locale.o [3]
std::moneypunct<wchar_t, (bool)1>::moneypunct(unsigned int)
                         0x800'09f1   0x18  Code  Wk  locale.o [3]
std::moneypunct<wchar_t, (bool)1>::~moneypunct() [deleting]
                         0x800'38c5   0x14  Code  Wk  locale.o [3]
std::num_get<char, std::istreambuf_iterator<char, std::char_traits<char>>>::id
                        0x2000'0540    0x8  Data  Wk  locale.o [3]
std::num_get<char, std::istreambuf_iterator<char, std::char_traits<char>>>::num_get(unsigned int)
                         0x800'0949   0x18  Code  Wk  locale.o [3]
std::num_get<char, std::istreambuf_iterator<char, std::char_traits<char>>>::~num_get() [deleting]
                         0x800'37e9   0x14  Code  Wk  locale.o [3]
std::num_get<wchar_t, std::istreambuf_iterator<wchar_t, std::char_traits<wchar_t>>>::id
                        0x2000'0548    0x8  Data  Wk  locale.o [3]
std::num_get<wchar_t, std::istreambuf_iterator<wchar_t, std::char_traits<wchar_t>>>::num_get(unsigned int)
                         0x800'0961   0x18  Code  Wk  locale.o [3]
std::num_get<wchar_t, std::istreambuf_iterator<wchar_t, std::char_traits<wchar_t>>>::~num_get() [deleting]
                         0x800'37fd   0x14  Code  Wk  locale.o [3]
std::num_put<char, std::ostreambuf_iterator<char, std::char_traits<char>>>::id
                        0x2000'0550    0x8  Data  Wk  locale.o [3]
std::num_put<char, std::ostreambuf_iterator<char, std::char_traits<char>>>::num_put(unsigned int)
                         0x800'0979   0x18  Code  Wk  locale.o [3]
std::num_put<char, std::ostreambuf_iterator<char, std::char_traits<char>>>::~num_put() [deleting]
                         0x800'3811   0x14  Code  Wk  locale.o [3]
std::num_put<wchar_t, std::ostreambuf_iterator<wchar_t, std::char_traits<wchar_t>>>::id
                        0x2000'0558    0x8  Data  Wk  locale.o [3]
std::num_put<wchar_t, std::ostreambuf_iterator<wchar_t, std::char_traits<wchar_t>>>::num_put(unsigned int)
                         0x800'0991   0x18  Code  Wk  locale.o [3]
std::num_put<wchar_t, std::ostreambuf_iterator<wchar_t, std::char_traits<wchar_t>>>::~num_put() [deleting]
                         0x800'3825   0x14  Code  Wk  locale.o [3]
std::numpunct<char>::id
                        0x2000'0170    0x8  Data  Gb  locale.o [3]
std::numpunct<char>::numpunct(unsigned int)
                         0x800'076d   0x1c  Code  Gb  locale.o [3]
std::numpunct<char>::~numpunct()
                         0x800'07ab   0x10  Code  Gb  locale.o [3]
std::numpunct<char>::~numpunct() [deleting]
                         0x800'00a3    0x4  Code  Gb  locale.o [3]
std::numpunct<wchar_t>::id
                        0x2000'0178    0x8  Data  Gb  locale.o [3]
std::numpunct<wchar_t>::numpunct(unsigned int)
                         0x800'0789   0x1a  Code  Gb  locale.o [3]
std::numpunct<wchar_t>::~numpunct()
                         0x800'07bb    0xe  Code  Gb  locale.o [3]
std::numpunct<wchar_t>::~numpunct() [deleting]
                         0x800'00a7    0x4  Code  Gb  locale.o [3]
std::ostream & std::__put_character_sequence<char, std::char_traits<char>>(std::ostream &, char const *, unsigned int)
                         0x800'1fb1   0xb2  Code  Wk  Motor.o [1]
std::ostream & std::endl<char, std::char_traits<char>>(std::ostream &)
                         0x800'33b5   0x2e  Code  Wk  Motor.o [1]
std::ostream & std::operator <<<std::char_traits<char>>(std::ostream &, char const *)
                         0x800'2c69   0x18  Code  Wk  Motor.o [1]
std::ostream::flush()    0x800'223f   0x54  Code  Wk  ios.instantiations.o [3]
std::ostream::operator <<(std::ostream&(*)(std::ostream&))
                         0x800'2c81    0x6  Code  Wk  Motor.o [1]
std::ostream::put(char)
                         0x800'2c8f   0x68  Code  Wk  ios.instantiations.o [3]
std::ostream::sentry::operator bool() const
                         0x800'20a5    0x4  Code  Wk  Motor.o [1]
std::ostream::sentry::sentry(std::ostream&)
                         0x800'2063   0x42  Code  Wk  ios.instantiations.o [3]
std::ostream::sentry::~sentry()
                         0x800'21ab   0x94  Code  Wk  ios.instantiations.o [3]
std::ostream::~basic_ostream()
                         0x800'3971    0xe  Code  Wk  ios.instantiations.o [3]
std::ostreambuf_iterator<char, std::char_traits<char>> std::__pad_and_output<char, std::char_traits<char>>(std::ostreambuf_iterator<char, std::char_traits<char>>, char const *, char const *, char const *, std::ios_base &, char)
                         0x800'20ed   0xa6  Code  Wk  Motor.o [1]
std::ostreambuf_iterator<char, std::char_traits<char>>::failed() const
                         0x800'2193   0x10  Code  Wk  Motor.o [1]
std::ostreambuf_iterator<char, std::char_traits<char>>::ostreambuf_iterator(std::ostream&)
                         0x800'20a9   0x1e  Code  Wk  Motor.o [1]
std::pointer_traits<char *>::pointer_to(char &)
                         0x800'24e7    0x8  Code  Wk  Motor.o [1]
std::streambuf::basic_streambuf()
                         0x800'283d   0x24  Code  Wk  ios.instantiations.o [3]
std::streambuf::basic_streambuf() [subobject]
                         0x800'2837    0x4  Code  Wk  ios.instantiations.o [3]
std::streambuf::overflow(int)
                         0x800'0e6f    0x6  Code  Wk  ios.instantiations.o [3]
std::streambuf::sputc(char)
                         0x800'2cf7   0x20  Code  Wk  ios.instantiations.o [3]
std::streambuf::sputn(char const *, int)
                         0x800'22d5    0xa  Code  Wk  Motor.o [1]
std::streambuf::sync()   0x800'39a9    0x4  Code  Wk  ios.instantiations.o [3]
std::streambuf::xsputn(char const *, int)
                         0x800'2d17   0x60  Code  Wk  ios.instantiations.o [3]
std::streambuf::~basic_streambuf() [subobject]
                         0x800'3759   0x18  Code  Wk  ios.instantiations.o [3]
std::string::__alloc()   0x800'0f1d    0x8  Code  Wk  Motor.o [1]
std::string::__alloc() const
                         0x800'24d7    0x8  Code  Wk  Motor.o [1]
std::string::__get_long_cap() const
                         0x800'0f2f    0xe  Code  Wk  Motor.o [1]
std::string::__get_long_pointer()
                         0x800'0f25    0xa  Code  Wk  Motor.o [1]
std::string::__get_pointer()
                         0x800'23f7   0x1e  Code  Wk  Motor.o [1]
std::string::__get_short_pointer()
                         0x800'244b    0xc  Code  Wk  Motor.o [1]
std::string::__init(unsigned int, char)
                         0x800'236f   0x88  Code  Wk  Motor.o [1]
std::string::__is_long() const
                         0x800'0f0f    0xe  Code  Wk  Motor.o [1]
std::string::__recommend(unsigned int)
                         0x800'2457   0x1a  Code  Wk  Motor.o [1]
std::string::__set_long_cap(unsigned int)
                         0x800'2485   0x10  Code  Wk  Motor.o [1]
std::string::__set_long_pointer(char *)
                         0x800'2479    0xc  Code  Wk  Motor.o [1]
std::string::__set_long_size(unsigned int)
                         0x800'2495    0xc  Code  Wk  Motor.o [1]
std::string::__set_short_size(unsigned int)
                         0x800'243f    0xc  Code  Wk  Motor.o [1]
std::string::__throw_length_error() const
                         0x800'2437    0x8  Code  Wk  Motor.o [1]
std::string::__zero()    0x800'0d59    0xa  Code  Wk  locale.o [3]
std::string::basic_string(unsigned int, char)
                         0x800'22df   0x24  Code  Wk  Motor.o [1]
std::string::basic_string<std::nullptr_t>(char const *)
                         0x800'083f   0x58  Code  Wk  locale.o [3]
std::string::data()      0x800'2303    0xc  Code  Wk  Motor.o [1]
std::string::max_size() const
                         0x800'2429    0xe  Code  Wk  Motor.o [1]
std::string::~basic_string()
                         0x800'0b31   0x32  Code  Wk  Motor.o [1]
std::time_get<char, std::istreambuf_iterator<char, std::char_traits<char>>>::id
                        0x2000'0560    0x8  Data  Wk  locale.o [3]
std::time_get<char, std::istreambuf_iterator<char, std::char_traits<char>>>::time_get(unsigned int)
                         0x800'0a69   0x28  Code  Wk  locale.o [3]
std::time_get<char, std::istreambuf_iterator<char, std::char_traits<char>>>::~time_get() [deleting]
                         0x800'3839   0x14  Code  Wk  locale.o [3]
std::time_get<wchar_t, std::istreambuf_iterator<wchar_t, std::char_traits<wchar_t>>>::id
                        0x2000'0568    0x8  Data  Wk  locale.o [3]
std::time_get<wchar_t, std::istreambuf_iterator<wchar_t, std::char_traits<wchar_t>>>::time_get(unsigned int)
                         0x800'0a91   0x28  Code  Wk  locale.o [3]
std::time_get<wchar_t, std::istreambuf_iterator<wchar_t, std::char_traits<wchar_t>>>::~time_get() [deleting]
                         0x800'384d   0x14  Code  Wk  locale.o [3]
std::time_put<char, std::ostreambuf_iterator<char, std::char_traits<char>>>::id
                        0x2000'0570    0x8  Data  Wk  locale.o [3]
std::time_put<char, std::ostreambuf_iterator<char, std::char_traits<char>>>::time_put(unsigned int)
                         0x800'0ab9   0x24  Code  Wk  locale.o [3]
std::time_put<char, std::ostreambuf_iterator<char, std::char_traits<char>>>::~time_put()
                         0x800'3609   0x1e  Code  Wk  locale.o [3]
std::time_put<char, std::ostreambuf_iterator<char, std::char_traits<char>>>::~time_put() [deleting]
                         0x800'3861   0x14  Code  Wk  locale.o [3]
std::time_put<wchar_t, std::ostreambuf_iterator<wchar_t, std::char_traits<wchar_t>>>::id
                        0x2000'0578    0x8  Data  Wk  locale.o [3]
std::time_put<wchar_t, std::ostreambuf_iterator<wchar_t, std::char_traits<wchar_t>>>::time_put(unsigned int)
                         0x800'0add   0x24  Code  Wk  locale.o [3]
std::time_put<wchar_t, std::ostreambuf_iterator<wchar_t, std::char_traits<wchar_t>>>::~time_put()
                         0x800'3627   0x1e  Code  Wk  locale.o [3]
std::time_put<wchar_t, std::ostreambuf_iterator<wchar_t, std::char_traits<wchar_t>>>::~time_put() [deleting]
                         0x800'3875   0x14  Code  Wk  locale.o [3]
std::unique_ptr<std::locale::facet, std::<unnamed>::release>::~unique_ptr()
                         0x800'00cf   0x14  Code  Lc  locale.o [3]
std::vector<std::locale::facet *, std::__sso_allocator<std::locale::facet *, (unsigned int)30>>::__annotate_delete() const
                         0x800'0b63    0x4  Code  Wk  locale.o [3]
std::vector<std::locale::facet *, std::__sso_allocator<std::locale::facet *, (unsigned int)30>>::__append(unsigned int)
                         0x800'0b9d   0xac  Code  Wk  locale.o [3]
std::vector<std::locale::facet *, std::__sso_allocator<std::locale::facet *, (unsigned int)30>>::__construct_at_end(unsigned int)
                         0x800'0d97   0x20  Code  Wk  locale.o [3]
std::vector<std::locale::facet *, std::__sso_allocator<std::locale::facet *, (unsigned int)30>>::__destruct_at_end(std::locale::facet **)
                         0x800'0c49   0x1c  Code  Wk  locale.o [3]
std::vector<std::locale::facet *, std::__sso_allocator<std::locale::facet *, (unsigned int)30>>::__recommend(unsigned int) const
                         0x800'0f67   0x3e  Code  Wk  locale.o [3]
std::vector<std::locale::facet *, std::__sso_allocator<std::locale::facet *, (unsigned int)30>>::__vallocate(unsigned int)
                         0x800'0d6d   0x2a  Code  Wk  locale.o [3]
std::vector<std::locale::facet *, std::__sso_allocator<std::locale::facet *, (unsigned int)30>>::clear()
                         0x800'0897   0x22  Code  Wk  locale.o [3]
std::vector<std::locale::facet *, std::__sso_allocator<std::locale::facet *, (unsigned int)30>>::max_size() const
                         0x800'11e9    0x6  Code  Wk  locale.o [3]
std::vector<std::locale::facet *, std::__sso_allocator<std::locale::facet *, (unsigned int)30>>::size() const
                         0x800'0b91    0xc  Code  Wk  locale.o [3]
std::vector<std::locale::facet *, std::__sso_allocator<std::locale::facet *, (unsigned int)30>>::vector(unsigned int)
                         0x800'0819   0x26  Code  Wk  locale.o [3]
strlen                   0x800'0e35         Code  Gb  strlen.o [6]
unsigned int const & std::max<unsigned int>(unsigned int const &, unsigned int const &)
                         0x800'1497    0xc  Code  Wk  locale.o [3]
unsigned int std::allocator_traits<std::allocator<char>>::max_size<std::allocator<char>, void>(const std::allocator<char>&)
                         0x800'24df    0x8  Code  Wk  Motor.o [1]
unsigned int std::string::__align_it<(unsigned int)16>(unsigned int)
                         0x800'24ef    0x8  Code  Wk  Motor.o [1]
void * std::__libcpp_operator_new<unsigned int, std::align_val_t>(unsigned int, std::align_val_t...)
                         0x800'25af    0x8  Code  Wk  Motor.o [1]
void * std::__libcpp_operator_new<unsigned int>(unsigned int...)
                         0x800'25b7    0x8  Code  Wk  Motor.o [1]
void std::__call_once_proxy<std::tuple<std::<unnamed>::__fake_bind &&>>(void *)
                         0x800'370d   0x1c  Code  Wk  locale.o [3]
void std::__do_deallocate_handle_size<>(void *, unsigned int, ...)
                         0x800'15c5    0x8  Code  Wk  Motor.o [1]
void std::__do_deallocate_handle_size<std::align_val_t>(void *, unsigned int, std::align_val_t...)
                         0x800'15bd    0x8  Code  Wk  Motor.o [1]
void std::__libcpp_operator_delete<void *, unsigned int, std::align_val_t>(void *, unsigned int, std::align_val_t...)
                         0x800'15cd    0x8  Code  Wk  Motor.o [1]
void std::__libcpp_operator_delete<void *, unsigned int>(void *, unsigned int...)
                         0x800'15d5    0x8  Code  Wk  Motor.o [1]
void std::__tree_left_rotate<std::__tree_node_base<void *> *>(std::__tree_node_base<void *> *)
                         0x800'1521   0x20  Code  Wk  iar_newlocale.o [3]
void std::__tree_remove<std::__tree_node_base<void *> *>(std::__tree_node_base<void *> *, std::__tree_node_base<void *> *)
                         0x800'1039  0x1a0  Code  Wk  iar_newlocale.o [3]
void std::__tree_right_rotate<std::__tree_node_base<void *> *>(std::__tree_node_base<void *> *)
                         0x800'1541   0x20  Code  Wk  iar_newlocale.o [3]


[1] = C:\Users\timgo\Downloads\GPIO_CPP_290523\GPIO_CPP\Debug\Obj
[2] = dl7M_tlf.a
[3] = dllibcpp7M_tls_fc.a
[4] = dlpprt7M_tl_fc.a
[5] = m7M_tls.a
[6] = rt7M_tl.a
[7] = shb_l.a

  11'851 bytes of readonly  code memory
   3'010 bytes of readonly  data memory
  18'356 bytes of readwrite data memory

Errors: none
Warnings: none
